W/PackageManager(   59): Resource path for pkg : com.aps.test changing from /data/app/com.aps.test-1.apk to /data/app/com.aps.test-2.apk
D/PackageManager(   59):   Activities: com.aps.test.OrderTestActivity com.aps.test.Act2
I/ActivityManager(   59): Force stopping package com.aps.test uid=10045
I/installd(   35): move /data/dalvik-cache/data@app@com.aps.test-2.apk@classes.dex -> /data/dalvik-cache/data@app@com.aps.test-2.apk@classes.dex
D/PackageManager(   59): New package installed in /data/app/com.aps.test-2.apk
I/ActivityManager(   59): Force stopping package com.aps.test uid=10045
D/dalvikvm(  126): GC_EXPLICIT freed 139 objects / 5144 bytes in 137ms
D/dalvikvm(   59): GC_EXPLICIT freed 9409 objects / 602752 bytes in 210ms
W/RecognitionManagerService(   59): no available voice recognition services found
D/dalvikvm(  157): GC_EXPLICIT freed 2278 objects / 115960 bytes in 2050ms
D/dalvikvm(   59): GC_EXPLICIT freed 4036 objects / 225352 bytes in 372ms
I/installd(   35): unlink /data/dalvik-cache/data@app@com.aps.test-1.apk@classes.dex
D/AndroidRuntime(  388): Shutting down VM
D/dalvikvm(  388): Debugger has detached; object registry had 1 entries
I/dalvikvm(  388): JNI: AttachCurrentThread (from ???.???)
I/AndroidRuntime(  388): NOTE: attach of thread 'Binder Thread #3' failed
D/AndroidRuntime(  402): 
D/AndroidRuntime(  402): >>>>>>>>>>>>>> AndroidRuntime START <<<<<<<<<<<<<<
D/AndroidRuntime(  402): CheckJNI is ON
D/AndroidRuntime(  402): --- registering native functions ---
I/ActivityManager(   59): Starting activity: Intent { act=android.intent.action.MAIN cat=[android.intent.category.LAUNCHER] flg=0x10000000 cmp=com.aps.test/.OrderTestActivity }
I/ActivityManager(   59): Start proc com.aps.test for activity com.aps.test/.OrderTestActivity: pid=408 uid=10045 gids={}
D/AndroidRuntime(  402): Shutting down VM
D/dalvikvm(  402): Debugger has detached; object registry had 1 entries
I/AndroidRuntime(  402): NOTE: attach of thread 'Binder Thread #3' failed
I/ActivityManager(   59): Displayed activity com.aps.test/.OrderTestActivity: 1198 ms (total 1198 ms)
I/ActivityManager(   59): Starting activity: Intent { cmp=com.aps.test/.Act2 }
I/ActivityManager(   59): Displayed activity com.aps.test/.Act2: 427 ms (total 427 ms)
W/KeyCharacterMap(  408): No keyboard for id 0
W/KeyCharacterMap(  408): Using default keymap: /system/usr/keychars/qwerty.kcm.bin
D/dalvikvm(  265): GC_EXPLICIT freed 23 objects / 896 bytes in 928ms
D/AndroidRuntime(  417): 
D/AndroidRuntime(  417): >>>>>>>>>>>>>> AndroidRuntime START <<<<<<<<<<<<<<
D/AndroidRuntime(  417): CheckJNI is ON
D/AndroidRuntime(  417): --- registering native functions ---
D/dalvikvm(  174): GC_EXPLICIT freed 291 objects / 18208 bytes in 127ms
D/PackageParser(   59): Scanning package: /data/app/vmdl11969.tmp
I/PackageManager(   59): Removing non-system package:com.aps.test
I/ActivityManager(   59): Force stopping package com.aps.test uid=10045
I/Process (   59): Sending signal. PID: 408 SIG: 9
D/PackageManager(   59): Scanning package com.aps.test
I/PackageManager(   59): Package com.aps.test codePath changed from /data/app/com.aps.test-2.apk to /data/app/com.aps.test-1.apk; Retaining data and using new
I/PackageManager(   59): /data/app/com.aps.test-1.apk changed; unpacking
D/dalvikvm(  174): GC_EXPLICIT freed 147 objects / 10864 bytes in 1049ms
D/installd(   35): DexInv: --- BEGIN '/data/app/com.aps.test-1.apk' ---
D/dalvikvm(  424): DexOpt: load 74ms, verify 82ms, opt 2ms
D/installd(   35): DexInv: --- END '/data/app/com.aps.test-1.apk' (success) ---
W/PackageManager(   59): Code path for pkg : com.aps.test changing from /data/app/com.aps.test-2.apk to /data/app/com.aps.test-1.apk
W/PackageManager(   59): Resource path for pkg : com.aps.test changing from /data/app/com.aps.test-2.apk to /data/app/com.aps.test-1.apk
D/PackageManager(   59):   Activities: com.aps.test.OrderTestActivity com.aps.test.Act2
I/ActivityManager(   59): Force stopping package com.aps.test uid=10045
I/installd(   35): move /data/dalvik-cache/data@app@com.aps.test-1.apk@classes.dex -> /data/dalvik-cache/data@app@com.aps.test-1.apk@classes.dex
D/PackageManager(   59): New package installed in /data/app/com.aps.test-1.apk
I/ActivityManager(   59): Force stopping package com.aps.test uid=10045
D/dalvikvm(   59): GC_EXPLICIT freed 8063 objects / 500720 bytes in 218ms
D/dalvikvm(  126): GC_EXPLICIT freed 979 objects / 53488 bytes in 154ms
W/RecognitionManagerService(   59): no available voice recognition services found
D/dalvikvm(  157): GC_EXPLICIT freed 2277 objects / 115992 bytes in 1968ms
D/dalvikvm(   59): GC_EXPLICIT freed 3861 objects / 214480 bytes in 264ms
I/installd(   35): unlink /data/dalvik-cache/data@app@com.aps.test-2.apk@classes.dex
D/AndroidRuntime(  417): Shutting down VM
D/dalvikvm(  417): Debugger has detached; object registry had 1 entries
I/AndroidRuntime(  417): NOTE: attach of thread 'Binder Thread #3' failed
D/AndroidRuntime(  430): 
D/AndroidRuntime(  430): >>>>>>>>>>>>>> AndroidRuntime START <<<<<<<<<<<<<<
D/AndroidRuntime(  430): CheckJNI is ON
D/AndroidRuntime(  430): --- registering native functions ---
I/ActivityManager(   59): Starting activity: Intent { act=android.intent.action.MAIN cat=[android.intent.category.LAUNCHER] flg=0x10000000 cmp=com.aps.test/.OrderTestActivity }
I/ActivityManager(   59): Start proc com.aps.test for activity com.aps.test/.OrderTestActivity: pid=436 uid=10045 gids={}
D/AndroidRuntime(  430): Shutting down VM
D/dalvikvm(  430): Debugger has detached; object registry had 1 entries
I/AndroidRuntime(  430): NOTE: attach of thread 'Binder Thread #3' failed
D/ACT1    (  436): onCreate
D/ACT1    (  436): onStart
D/ACT1    (  436): onResume
I/ActivityManager(   59): Displayed activity com.aps.test/.OrderTestActivity: 1146 ms (total 1146 ms)
D/dalvikvm(  126): GC_EXPLICIT freed 857 objects / 49280 bytes in 896ms
I/ActivityManager(   59): Starting activity: Intent { cmp=com.aps.test/.Act2 }
D/ACT1    (  436): onPause
D/ACT2    (  436): onStart
D/ACT2    (  436): onResume
I/ActivityManager(   59): Displayed activity com.aps.test/.Act2: 449 ms (total 449 ms)
D/ACT1    (  436): onStop
W/KeyCharacterMap(  436): No keyboard for id 0
W/KeyCharacterMap(  436): Using default keymap: /system/usr/keychars/qwerty.kcm.bin
D/ACT2    (  436): onPause
D/ACT1    (  436): onRestart
D/ACT1    (  436): onStart
D/ACT1    (  436): onResume
D/ACT2    (  436): onStop
D/ACT2    (  436): onDestroy
D/dalvikvm(  265): GC_EXPLICIT freed 46 objects / 2208 bytes in 810ms
D/AndroidRuntime(  444): 
D/AndroidRuntime(  444): >>>>>>>>>>>>>> AndroidRuntime START <<<<<<<<<<<<<<
D/AndroidRuntime(  444): CheckJNI is ON
D/AndroidRuntime(  444): --- registering native functions ---
D/AndroidRuntime(  444): Shutting down VM
D/dalvikvm(  444): Debugger has detached; object registry had 1 entries
I/AndroidRuntime(  444): NOTE: attach of thread 'Binder Thread #3' failed
D/AndroidRuntime(  452): 
D/AndroidRuntime(  452): >>>>>>>>>>>>>> AndroidRuntime START <<<<<<<<<<<<<<
D/AndroidRuntime(  452): CheckJNI is ON
D/AndroidRuntime(  452): --- registering native functions ---
I/ActivityManager(   59): Starting activity: Intent { act=android.intent.action.MAIN cat=[android.intent.category.LAUNCHER] flg=0x10000000 cmp=com.aps.test/.OrderTestActivity }
D/AndroidRuntime(  452): Shutting down VM
D/dalvikvm(  452): Debugger has detached; object registry had 1 entries
I/AndroidRuntime(  452): NOTE: attach of thread 'Binder Thread #3' failed
I/ActivityManager(   59): Starting activity: Intent { cmp=com.aps.test/.Act2 }
D/ACT1    (  436): onPause
D/ACT2    (  436): onStart
D/ACT2    (  436): onResume
I/ActivityManager(   59): Displayed activity com.aps.test/.Act2: 400 ms (total 400 ms)
D/ACT1    (  436): onStop
D/ACT2    (  436): onPause
D/ACT1    (  436): onRestart
D/ACT1    (  436): onStart
D/ACT1    (  436): onResume
D/ACT2    (  436): onStop
D/ACT2    (  436): onDestroy
D/ACT1    (  436): onPause
W/IInputConnectionWrapper(  126): showStatusIcon on inactive InputConnection
D/ACT1    (  436): onStop
D/ACT1    (  436): onDestroy
D/AndroidRuntime(  460): 
D/AndroidRuntime(  460): >>>>>>>>>>>>>> AndroidRuntime START <<<<<<<<<<<<<<
D/AndroidRuntime(  460): CheckJNI is ON
D/AndroidRuntime(  460): --- registering native functions ---
D/AndroidRuntime(  460): Shutting down VM
D/dalvikvm(  460): Debugger has detached; object registry had 1 entries
I/AndroidRuntime(  460): NOTE: attach of thread 'Binder Thread #3' failed
D/AndroidRuntime(  468): 
D/AndroidRuntime(  468): >>>>>>>>>>>>>> AndroidRuntime START <<<<<<<<<<<<<<
D/AndroidRuntime(  468): CheckJNI is ON
D/AndroidRuntime(  468): --- registering native functions ---
I/ActivityManager(   59): Starting activity: Intent { act=android.intent.action.MAIN cat=[android.intent.category.LAUNCHER] flg=0x10000000 cmp=com.aps.test/.OrderTestActivity }
D/AndroidRuntime(  468): Shutting down VM
D/dalvikvm(  468): Debugger has detached; object registry had 1 entries
I/AndroidRuntime(  468): NOTE: attach of thread 'Binder Thread #3' failed
D/dalvikvm(  436): GC_EXPLICIT freed 1421 objects / 94480 bytes in 1668ms
D/ACT1    (  436): onCreate
D/ACT1    (  436): onStart
D/ACT1    (  436): onResume
I/ActivityManager(   59): Displayed activity com.aps.test/.OrderTestActivity: 523 ms (total 523 ms)
I/ActivityManager(   59): Starting activity: Intent { cmp=com.aps.test/.Act2 }
D/ACT1    (  436): onPause
D/ACT2    (  436): onStart
D/ACT2    (  436): onResume
I/ActivityManager(   59): Displayed activity com.aps.test/.Act2: 391 ms (total 391 ms)
D/ACT1    (  436): onStop
W/KeyCharacterMap(  436): No keyboard for id 0
W/KeyCharacterMap(  436): Using default keymap: /system/usr/keychars/qwerty.kcm.bin
D/ACT2    (  436): onPause
D/ACT1    (  436): onRestart
D/ACT1    (  436): onStart
D/ACT1    (  436): onResume
D/ACT2    (  436): onStop
D/ACT2    (  436): onDestroy
D/ACT1    (  436): onPause
D/ACT1    (  436): onStop
D/ACT1    (  436): onDestroy
