D/VoldCmdListener(   29): asec list
I/PackageManager(   59): No secure containers on sdcard
W/PackageManager(   59): Unknown permission com.google.android.googleapps.permission.GOOGLE_AUTH.mail in package com.android.contacts
W/PackageManager(   59): Unknown permission android.permission.ADD_SYSTEM_SERVICE in package com.android.phone
W/PackageManager(   59): Not granting permission android.permission.SEND_DOWNLOAD_COMPLETED_INTENTS to package com.android.browser (protectionLevel=2 flags=0x1be45)
W/PackageManager(   59): Unknown permission android.permission.ACCESS_GPS in package com.aps.callnote
W/PackageManager(   59): Unknown permission android.permission.ACCESS_LOCATION in package com.aps.callnote
W/PackageManager(   59): Unknown permission com.google.android.gm.permission.WRITE_GMAIL in package com.android.settings
W/PackageManager(   59): Unknown permission com.google.android.gm.permission.READ_GMAIL in package com.android.settings
W/PackageManager(   59): Unknown permission com.google.android.googleapps.permission.GOOGLE_AUTH in package com.android.settings
W/PackageManager(   59): Unknown permission com.google.android.googleapps.permission.GOOGLE_AUTH in package com.android.providers.contacts
W/PackageManager(   59): Unknown permission com.google.android.googleapps.permission.GOOGLE_AUTH.cp in package com.android.providers.contacts
W/PackageManager(   59): Unknown permission com.google.android.googleapps.permission.ACCESS_GOOGLE_PASSWORD in package com.android.development
W/PackageManager(   59): Unknown permission com.google.android.googleapps.permission.GOOGLE_AUTH in package com.android.development
W/PackageManager(   59): Unknown permission com.google.android.googleapps.permission.GOOGLE_AUTH.ALL_SERVICES in package com.android.development
W/PackageManager(   59): Unknown permission com.google.android.googleapps.permission.GOOGLE_AUTH.YouTubeUser in package com.android.development
W/PackageManager(   59): Not granting permission android.permission.CHANGE_COMPONENT_ENABLED_STATE to package com.aps.smartbar.quicksettings (protectionLevel=2 flags=0xbe46)
I/ActivityManager(   59): Force stopping package com.aps.smartbar.quicksettings uid=10044
I/Process (   59): Sending signal. PID: 239 SIG: 9
I/ActivityManager(   59): Force stopping package com.aps.smartbar.quicksettings uid=10044
I/ActivityManager(   59): Force stopping package com.aps.smartbar.quicksettings uid=10044
D/MediaScannerService(  188): start scanning volume external
D/dalvikvm(   59): GC_FOR_MALLOC freed 11440 objects / 652464 bytes in 120ms
V/MediaProvider(  188): /mnt/sdcard volume ID: 417148437
I/ActivityManager(   59): Start proc com.svox.pico for broadcast com.svox.pico/.VoiceDataInstallerReceiver: pid=265 uid=10028 gids={}
D/dalvikvm(   59): GC_EXPLICIT freed 6704 objects / 335784 bytes in 261ms
W/RecognitionManagerService(   59): no available voice recognition services found
I/ActivityThread(  265): Publishing provider com.svox.pico.providers.SettingsProvider: com.svox.pico.providers.SettingsProvider
I/installd(   35): unlink /data/dalvik-cache/data@app@com.aps.smartbar.quicksettings-2.apk@classes.dex
D/AndroidRuntime(  123): Shutting down VM
D/jdwp    (  123): adbd disconnected
I/AndroidRuntime(  123): NOTE: attach of thread 'Binder Thread #3' failed
V/MediaProvider(  188): Attached volume: external
D/AndroidRuntime(  275): 
D/AndroidRuntime(  275): >>>>>>>>>>>>>> AndroidRuntime START <<<<<<<<<<<<<<
D/AndroidRuntime(  275): CheckJNI is ON
D/AndroidRuntime(  275): --- registering native functions ---
V/MediaScanner(  188): pruneDeadThumbnailFiles... android.database.sqlite.SQLiteCursor@44ebcaf8
V/MediaScanner(  188): /pruneDeadThumbnailFiles... android.database.sqlite.SQLiteCursor@44ebcaf8
D/MediaScanner(  188):  prescan time: 231ms
D/MediaScanner(  188):     scan time: 40ms
D/MediaScanner(  188): postscan time: 551ms
D/MediaScanner(  188):    total time: 822ms
D/MediaScannerService(  188): done scanning volume external
I/ActivityManager(   59): Starting activity: Intent { act=android.intent.action.MAIN cat=[android.intent.category.LAUNCHER] flg=0x10000000 cmp=com.aps.smartbar.quicksettings/.activity.MainActivity }
D/AndroidRuntime(  275): Shutting down VM
D/jdwp    (  275): adbd disconnected
I/dalvikvm(  275): JNI: AttachCurrentThread (from ???.???)
I/AndroidRuntime(  275): NOTE: attach of thread 'Binder Thread #3' failed
I/ActivityManager(   59): Start proc com.aps.smartbar.quicksettings for activity com.aps.smartbar.quicksettings/.activity.MainActivity: pid=282 uid=10044 gids={3002, 3001, 3003}
I/global  (  282): Default buffer size used in BufferedReader constructor. It would be better to be explicit if an 8k-char buffer is required.
D/dalvikvm(  282): GC_FOR_MALLOC freed 3872 objects / 327824 bytes in 168ms
W/Settings(  282): Setting lock_pattern_autolock has moved from android.provider.Settings.System to android.provider.Settings.Secure, returning read-only value.
I/ARMAssembler(   59): generated scanline__00000077:03515104_00000000_00000000 [ 33 ipp] (47 ins) at [0x31c078:0x31c134] in 3840863 ns
I/ActivityManager(   59): Displayed activity com.aps.smartbar.quicksettings/.activity.MainActivity: 2330 ms (total 2330 ms)
W/KeyCharacterMap(  282): No keyboard for id 0
W/KeyCharacterMap(  282): Using default keymap: /system/usr/keychars/qwerty.kcm.bin
I/ActivityManager(   59): Starting activity: Intent { cmp=com.aps.smartbar.quicksettings/.activity.SettingsActivity }
I/AdMobSDK(  282): AdMob SDK version is 20101109-ANDROID-3312276cc1406347
I/AdMobSDK(  282): Publisher ID set to a14d5b349bebe0a
I/AdMobSDK(  282): To get test ads on the emulator use AdManager.setTestDevices( new String[] { AdManager.TEST_EMULATOR } )
D/dalvikvm(  282): GC_FOR_MALLOC freed 7063 objects / 385800 bytes in 65ms
I/AdMobSDK(  282): No fill.  Server replied that no ads are available (197ms)
I/AdMobSDK(  282): No fill.  Server replied that no ads are available (261ms)
I/ARMAssembler(   59): generated scanline__00000077:03545404_00000004_00000000 [ 47 ipp] (67 ins) at [0x348560:0x34866c] in 4913048 ns
I/ActivityManager(   59): Displayed activity com.aps.smartbar.quicksettings/.activity.SettingsActivity: 1267 ms (total 1267 ms)
D/dalvikvm(  282): GC_EXTERNAL_ALLOC freed 3492 objects / 278312 bytes in 56ms
W/KeyCharacterMap(  282): No keyboard for id 0
W/KeyCharacterMap(  282): Using default keymap: /system/usr/keychars/qwerty.kcm.bin
W/InputManagerService(   59): Window already focused, ignoring focus gain of: com.android.internal.view.IInputMethodClient$Stub$Proxy@450a2aa0
I/ActivityManager(   59): Starting activity: Intent { cmp=com.aps.smartbar.quicksettings/.activity.IconCustomizeActivity }
I/ActivityManager(   59): Displayed activity com.aps.smartbar.quicksettings/.activity.IconCustomizeActivity: 389 ms (total 389 ms)
I/ActivityManager(   59): Starting activity: Intent { cmp=com.aps.smartbar.quicksettings/.activity.ChangePlaceActivity }
D/dalvikvm(   59): GREF has increased to 301
I/ActivityManager(   59): Displayed activity com.aps.smartbar.quicksettings/.activity.ChangePlaceActivity: 181 ms (total 181 ms)
D/dalvikvm(  282): GC_FOR_MALLOC freed 2767 objects / 374968 bytes in 79ms
I/ActivityManager(   59): Starting activity: Intent { cmp=com.aps.smartbar.quicksettings/.activity.StatusBarShortcutColorsActivity }
I/ActivityManager(   59): Displayed activity com.aps.smartbar.quicksettings/.activity.StatusBarShortcutColorsActivity: 329 ms (total 329 ms)
W/KeyCharacterMap(  282): No keyboard for id 0
W/KeyCharacterMap(  282): Using default keymap: /system/usr/keychars/qwerty.kcm.bin
I/global  (  282): Default buffer size used in BufferedReader constructor. It would be better to be explicit if an 8k-char buffer is required.
W/Settings(  282): Setting lock_pattern_autolock has moved from android.provider.Settings.System to android.provider.Settings.Secure, returning read-only value.
D/dalvikvm(  282): GC_EXPLICIT freed 6361 objects / 477080 bytes in 74ms
D/dalvikvm(   59): GC_FOR_MALLOC freed 9862 objects / 515784 bytes in 108ms
I/jdwp    (   59): Ignoring second debugger -- accepting and dropping
D/AndroidRuntime(  299): 
D/AndroidRuntime(  299): >>>>>>>>>>>>>> AndroidRuntime START <<<<<<<<<<<<<<
D/AndroidRuntime(  299): CheckJNI is ON
D/AndroidRuntime(  299): --- registering native functions ---
D/dalvikvm(  174): GC_EXPLICIT freed 410 objects / 24704 bytes in 52ms
D/PackageParser(   59): Scanning package: /data/app/vmdl11966.tmp
I/PackageManager(   59): Removing non-system package:com.aps.smartbar.quicksettings
I/ActivityManager(   59): Force stopping package com.aps.smartbar.quicksettings uid=10044
W/ActivityManager(   59): Scheduling restart of crashed service com.aps.smartbar.quicksettings/.service.QuickAccessService in 5000ms
I/Process (   59): Sending signal. PID: 282 SIG: 9
I/ActivityManager(   59):   Force stopping service ServiceRecord{45046e80 com.aps.smartbar.quicksettings/.service.QuickAccessService}
I/WindowManager(   59): WIN DEATH: Window{45047de0 Load Average paused=false}
W/GpsLocationProvider(   59): Unneeded remove listener for uid 1000
W/GpsLocationProvider(   59): Unneeded remove listener for uid 1000
W/GpsLocationProvider(   59): Unneeded remove listener for uid 1000
D/dalvikvm(   59): GC_FOR_MALLOC freed 9888 objects / 549360 bytes in 148ms
D/PackageManager(   59): Scanning package com.aps.smartbar.quicksettings
I/PackageManager(   59): Package com.aps.smartbar.quicksettings codePath changed from /data/app/com.aps.smartbar.quicksettings-1.apk to /data/app/com.aps.smartbar.quicksettings-2.apk; Retaining data and using new
I/PackageManager(   59): /data/app/com.aps.smartbar.quicksettings-2.apk changed; unpacking
D/installd(   35): DexInv: --- BEGIN '/data/app/com.aps.smartbar.quicksettings-2.apk' ---
D/dalvikvm(  306): DexOpt: load 163ms, verify 475ms, opt 19ms
D/installd(   35): DexInv: --- END '/data/app/com.aps.smartbar.quicksettings-2.apk' (success) ---
W/PackageManager(   59): Code path for pkg : com.aps.smartbar.quicksettings changing from /data/app/com.aps.smartbar.quicksettings-1.apk to /data/app/com.aps.smartbar.quicksettings-2.apk
W/PackageManager(   59): Resource path for pkg : com.aps.smartbar.quicksettings changing from /data/app/com.aps.smartbar.quicksettings-1.apk to /data/app/com.aps.smartbar.quicksettings-2.apk
D/PackageManager(   59):   Services: com.aps.smartbar.quicksettings.service.BootReceiverService com.aps.smartbar.quicksettings.service.CommandListenerService com.aps.smartbar.quicksettings.service.CommandListenerCheckStateService com.aps.smartbar.quicksettings.service.CameraButtonReceiverService com.aps.smartbar.quicksettings.service.QuickAccessService
D/PackageManager(   59):   Receivers: com.aps.smartbar.quicksettings.receiver.BootReceiver com.aps.smartbar.quicksettings.receiver.CameraButtonReceiver com.aps.smartbar.quicksettings.receiver.CommandListener com.admob.android.ads.analytics.InstallReceiver
D/PackageManager(   59):   Activities: com.aps.smartbar.quicksettings.activity.MainActivity com.aps.smartbar.quicksettings.activity.CustomizeActivity com.aps.smartbar.quicksettings.activity.SettingsActivity com.aps.smartbar.quicksettings.activity.ChangePlaceActivity com.aps.smartbar.quicksettings.activity.SetScreenTimeoutActivity com.aps.smartbar.quicksettings.activity.AdjustVolumesActivity com.aps.smartbar.quicksettings.activity.AdjustBrightnessActivity com.aps.smartbar.quicksettings.activity.FlashLightActivity com.aps.smartbar.quicksettings.activity.StatusBarShortcutColorsActivity com.aps.smartbar.quicksettings.activity.AboutActivity com.aps.smartbar.quicksettings.activity.BaseActivity com.aps.smartbar.quicksettings.activity.IconCustomizeActivity com.aps.smartbar.quicksettings.receiver.SearchButtonReceiver com.admob.android.ads.AdMobActivity
I/ActivityManager(   59): Force stopping package com.aps.smartbar.quicksettings uid=10044
I/installd(   35): move /data/dalvik-cache/data@app@com.aps.smartbar.quicksettings-2.apk@classes.dex -> /data/dalvik-cache/data@app@com.aps.smartbar.quicksettings-2.apk@classes.dex
D/PackageManager(   59): New package installed in /data/app/com.aps.smartbar.quicksettings-2.apk
W/PackageManager(   59): Not granting permission android.permission.CHANGE_COMPONENT_ENABLED_STATE to package com.aps.smartbar.quicksettings (protectionLevel=2 flags=0xbe46)
I/ActivityManager(   59): Force stopping package com.aps.smartbar.quicksettings uid=10044
D/dalvikvm(  126): GC_EXPLICIT freed 1996 objects / 108256 bytes in 64ms
D/dalvikvm(  157): GC_EXPLICIT freed 3544 objects / 192896 bytes in 216ms
D/dalvikvm(   59): GC_EXPLICIT freed 8816 objects / 529912 bytes in 197ms
I/installd(   35): unlink /data/dalvik-cache/data@app@com.aps.smartbar.quicksettings-1.apk@classes.dex
D/AndroidRuntime(  299): Shutting down VM
D/dalvikvm(  299): Debugger has detached; object registry had 1 entries
I/AndroidRuntime(  299): NOTE: attach of thread 'Binder Thread #3' failed
W/RecognitionManagerService(   59): no available voice recognition services found
D/AndroidRuntime(  312): 
D/AndroidRuntime(  312): >>>>>>>>>>>>>> AndroidRuntime START <<<<<<<<<<<<<<
D/AndroidRuntime(  312): CheckJNI is ON
D/AndroidRuntime(  312): --- registering native functions ---
I/ActivityManager(   59): Starting activity: Intent { act=android.intent.action.MAIN cat=[android.intent.category.LAUNCHER] flg=0x10000000 cmp=com.aps.smartbar.quicksettings/.activity.MainActivity }
I/ActivityManager(   59): Start proc com.aps.smartbar.quicksettings for activity com.aps.smartbar.quicksettings/.activity.MainActivity: pid=318 uid=10044 gids={3002, 3001, 3003}
D/AndroidRuntime(  312): Shutting down VM
D/dalvikvm(  312): Debugger has detached; object registry had 1 entries
I/dalvikvm(  312): JNI: AttachCurrentThread (from ???.???)
I/AndroidRuntime(  312): NOTE: attach of thread 'Binder Thread #3' failed
I/global  (  318): Default buffer size used in BufferedReader constructor. It would be better to be explicit if an 8k-char buffer is required.
D/dalvikvm(  318): GC_FOR_MALLOC freed 3934 objects / 329784 bytes in 75ms
W/Settings(  318): Setting lock_pattern_autolock has moved from android.provider.Settings.System to android.provider.Settings.Secure, returning read-only value.
I/ActivityManager(   59): Displayed activity com.aps.smartbar.quicksettings/.activity.MainActivity: 2019 ms (total 2019 ms)
D/dalvikvm(  126): GC_EXPLICIT freed 860 objects / 49576 bytes in 78ms
D/dalvikvm(  174): GC_EXPLICIT freed 235 objects / 16216 bytes in 51ms
D/dalvikvm(  318): GC_EXTERNAL_ALLOC freed 4552 objects / 257904 bytes in 67ms
D/dalvikvm(  265): GC_EXPLICIT freed 765 objects / 55240 bytes in 76ms
W/KeyCharacterMap(  318): No keyboard for id 0
W/KeyCharacterMap(  318): Using default keymap: /system/usr/keychars/qwerty.kcm.bin
I/ActivityManager(   59): Starting activity: Intent { cmp=com.aps.smartbar.quicksettings/.activity.SettingsActivity }
I/AdMobSDK(  318): AdMob SDK version is 20101109-ANDROID-3312276cc1406347
I/AdMobSDK(  318): Publisher ID set to a14d5b349bebe0a
I/AdMobSDK(  318): To get test ads on the emulator use AdManager.setTestDevices( new String[] { AdManager.TEST_EMULATOR } )
W/GpsLocationProvider(   59): Duplicate add listener for uid 10044
I/AdMobSDK(  318): No fill.  Server replied that no ads are available (145ms)
I/AdMobSDK(  318): No fill.  Server replied that no ads are available (331ms)
I/ActivityManager(   59): Displayed activity com.aps.smartbar.quicksettings/.activity.SettingsActivity: 1281 ms (total 1281 ms)
I/ActivityManager(   59): Starting activity: Intent { cmp=com.aps.smartbar.quicksettings/.activity.StatusBarShortcutColorsActivity }
D/dalvikvm(  318): GC_FOR_MALLOC freed 5645 objects / 361304 bytes in 77ms
I/ActivityManager(   59): Displayed activity com.aps.smartbar.quicksettings/.activity.StatusBarShortcutColorsActivity: 443 ms (total 443 ms)
W/KeyCharacterMap(  318): No keyboard for id 0
W/KeyCharacterMap(  318): Using default keymap: /system/usr/keychars/qwerty.kcm.bin
W/InputManagerService(   59): Window already focused, ignoring focus gain of: com.android.internal.view.IInputMethodClient$Stub$Proxy@44eb1a48
I/ActivityManager(   59): Starting activity: Intent { cmp=com.aps.smartbar.quicksettings/.activity.IconCustomizeActivity }
I/ActivityManager(   59): Displayed activity com.aps.smartbar.quicksettings/.activity.IconCustomizeActivity: 333 ms (total 333 ms)
I/ActivityManager(   59): Starting activity: Intent { cmp=com.aps.smartbar.quicksettings/.activity.IconCustomizeActivity }
I/ActivityManager(   59): Displayed activity com.aps.smartbar.quicksettings/.activity.IconCustomizeActivity: 365 ms (total 365 ms)
I/ActivityManager(   59): Starting activity: Intent { cmp=com.aps.smartbar.quicksettings/.activity.IconCustomizeActivity }
W/WindowManager(   59): Pointer down received while already down in: Window{45084c08 com.aps.smartbar.quicksettings/com.aps.smartbar.quicksettings.activity.SettingsActivity paused=false}
W/WindowManager(   59): No window to dispatch pointer action 0
W/WindowManager(   59): No window to dispatch pointer action 1
I/ActivityManager(   59): Displayed activity com.aps.smartbar.quicksettings/.activity.IconCustomizeActivity: 395 ms (total 395 ms)
I/ActivityManager(   59): Starting activity: Intent { cmp=com.aps.smartbar.quicksettings/.activity.ChangePlaceActivity }
I/ActivityManager(   59): Displayed activity com.aps.smartbar.quicksettings/.activity.ChangePlaceActivity: 178 ms (total 178 ms)
I/ActivityManager(   59): Starting activity: Intent { cmp=com.aps.smartbar.quicksettings/.activity.StatusBarShortcutColorsActivity }
D/dalvikvm(  318): GC_FOR_MALLOC freed 5282 objects / 504464 bytes in 56ms
I/ActivityManager(   59): Displayed activity com.aps.smartbar.quicksettings/.activity.StatusBarShortcutColorsActivity: 411 ms (total 411 ms)
W/KeyCharacterMap(  318): No keyboard for id 0
W/KeyCharacterMap(  318): Using default keymap: /system/usr/keychars/qwerty.kcm.bin
I/global  (  318): Default buffer size used in BufferedReader constructor. It would be better to be explicit if an 8k-char buffer is required.
W/Settings(  318): Setting lock_pattern_autolock has moved from android.provider.Settings.System to android.provider.Settings.Secure, returning read-only value.
W/BackupManagerService(   59): dataChanged but no participant pkg='com.android.providers.settings' uid=10044
W/Settings(  318): Setting lock_pattern_autolock has moved from android.provider.Settings.System to android.provider.Settings.Secure, returning read-only value.
W/InputManagerService(   59): Window already focused, ignoring focus gain of: com.android.internal.view.IInputMethodClient$Stub$Proxy@450dcc40
W/BackupManagerService(   59): dataChanged but no participant pkg='com.android.providers.settings' uid=10044
W/BackupManagerService(   59): dataChanged but no participant pkg='com.android.providers.settings' uid=10044
W/Settings(  318): Setting lock_pattern_autolock has moved from android.provider.Settings.System to android.provider.Settings.Secure, returning read-only value.
W/InputManagerService(   59): Window already focused, ignoring focus gain of: com.android.internal.view.IInputMethodClient$Stub$Proxy@45048620
W/BackupManagerService(   59): dataChanged but no participant pkg='com.android.providers.settings' uid=10044
D/dalvikvm(  318): GC_FOR_MALLOC freed 9185 objects / 576128 bytes in 405ms
W/Settings(  318): Setting lock_pattern_autolock has moved from android.provider.Settings.System to android.provider.Settings.Secure, returning read-only value.
W/InputManagerService(   59): Window already focused, ignoring focus gain of: com.android.internal.view.IInputMethodClient$Stub$Proxy@450e71c8
W/BackupManagerService(   59): dataChanged but no participant pkg='com.android.providers.settings' uid=10044
D/Brightness(  318): cur:140 val 255
W/Settings(  318): Setting lock_pattern_autolock has moved from android.provider.Settings.System to android.provider.Settings.Secure, returning read-only value.
W/InputManagerService(   59): Window already focused, ignoring focus gain of: com.android.internal.view.IInputMethodClient$Stub$Proxy@450eb458
I/ActivityManager(   59): Starting activity: Intent { act=android.intent.action.MAIN cat=[android.intent.category.LAUNCHER] flg=0x10000000 cmp=com.aps.smartbar.quicksettings/.activity.AdjustBrightnessActivity (has extras) }
I/global  (  318): Default buffer size used in BufferedReader constructor. It would be better to be explicit if an 8k-char buffer is required.
D/qemud   (   38): fdhandler_accept_event: accepting on fd 10
D/qemud   (   38): created client 0xc088 listening on fd 14
D/qemud   (   38): client_fd_receive: attempting registration for service 'sensors'
D/qemud   (   38): client_fd_receive:    -> received channel id 10
D/qemud   (   38): client_registration: registration succeeded for client 10
D/qemud   (   38): fdhandler_accept_event: accepting on fd 10
D/qemud   (   38): created client 0x16088 listening on fd 15
D/qemud   (   38): fdhandler_event: disconnect on fd 14
I/AdMobSDK(  318): No fill.  Server replied that no ads are available (308ms)
W/WindowManager(   59): Key dispatching timed out sending to com.aps.smartbar.quicksettings/com.aps.smartbar.quicksettings.activity.MainActivity
D/dalvikvm(   59): GC_FOR_MALLOC freed 11415 objects / 648632 bytes in 117ms
W/WindowManager(   59): Previous dispatch state: {{KeyEvent{action=1 code=4 repeat=0 meta=0 scancode=158 mFlags=8} to Window{45048958 com.aps.smartbar.quicksettings/com.aps.smartbar.quicksettings.activity.MainActivity paused=false} @ 1328320085371 lw=Window{45048958 com.aps.smartbar.quicksettings/com.aps.smartbar.quicksettings.activity.MainActivity paused=false} lb=android.os.BinderProxy@450230c0 fin=false gfw=true ed=true tts=0 wf=false fp=false mcf=Window{45048958 com.aps.smartbar.quicksettings/com.aps.smartbar.quicksettings.activity.MainActivity paused=false}}}
W/WindowManager(   59): Current dispatch state: {{null to Window{45048958 com.aps.smartbar.quicksettings/com.aps.smartbar.quicksettings.activity.MainActivity paused=false} @ 1328320104357 lw=Window{45048958 com.aps.smartbar.quicksettings/com.aps.smartbar.quicksettings.activity.MainActivity paused=false} lb=android.os.BinderProxy@450230c0 fin=false gfw=true ed=true tts=0 wf=false fp=false mcf=null}}
I/Process (   59): Sending signal. PID: 318 SIG: 3
I/dalvikvm(  318): threadid=3: reacting to signal 3
I/dalvikvm(  318): Wrote stack traces to '/data/anr/traces.txt'
I/Process (   59): Sending signal. PID: 59 SIG: 3
I/dalvikvm(   59): threadid=3: reacting to signal 3
I/dalvikvm(   59): Wrote stack traces to '/data/anr/traces.txt'
I/Process (   59): Sending signal. PID: 116 SIG: 3
I/dalvikvm(  116): threadid=3: reacting to signal 3
I/dalvikvm(  116): Wrote stack traces to '/data/anr/traces.txt'
I/Process (   59): Sending signal. PID: 265 SIG: 3
I/dalvikvm(  265): threadid=3: reacting to signal 3
I/dalvikvm(  265): Wrote stack traces to '/data/anr/traces.txt'
I/Process (   59): Sending signal. PID: 174 SIG: 3
I/dalvikvm(  174): threadid=3: reacting to signal 3
I/dalvikvm(  174): Wrote stack traces to '/data/anr/traces.txt'
I/Process (   59): Sending signal. PID: 126 SIG: 3
I/dalvikvm(  126): threadid=3: reacting to signal 3
I/dalvikvm(  126): Wrote stack traces to '/data/anr/traces.txt'
I/Process (   59): Sending signal. PID: 188 SIG: 3
I/dalvikvm(  188): threadid=3: reacting to signal 3
W/ActivityManager(   59): Launch timeout has expired, giving up wake lock!
W/ActivityManager(   59): Activity idle timeout for HistoryRecord{450ed0b8 com.aps.smartbar.quicksettings/.activity.AdjustBrightnessActivity}
I/dalvikvm(  188): Wrote stack traces to '/data/anr/traces.txt'
I/Process (   59): Sending signal. PID: 248 SIG: 3
I/dalvikvm(  248): threadid=3: reacting to signal 3
I/Process (   59): Sending signal. PID: 256 SIG: 3
I/dalvikvm(  256): threadid=3: reacting to signal 3
I/Process (   59): Sending signal. PID: 157 SIG: 3
I/dalvikvm(  157): threadid=3: reacting to signal 3
I/Process (   59): Sending signal. PID: 121 SIG: 3
I/dalvikvm(  121): threadid=3: reacting to signal 3
I/dalvikvm(  121): Wrote stack traces to '/data/anr/traces.txt'
I/Process (   59): Sending signal. PID: 229 SIG: 3
I/dalvikvm(  229): threadid=3: reacting to signal 3
I/Process (   59): Sending signal. PID: 212 SIG: 3
I/dalvikvm(  212): threadid=3: reacting to signal 3
I/Process (   59): Sending signal. PID: 203 SIG: 3
I/dalvikvm(  203): threadid=3: reacting to signal 3
I/Process (   59): Sending signal. PID: 128 SIG: 3
I/dalvikvm(  128): threadid=3: reacting to signal 3
I/dalvikvm(  128): Wrote stack traces to '/data/anr/traces.txt'
E/ActivityManager(   59): ANR in com.aps.smartbar.quicksettings (com.aps.smartbar.quicksettings/.activity.AdjustBrightnessActivity)
E/ActivityManager(   59): Reason: keyDispatchingTimedOut
E/ActivityManager(   59): Parent: com.aps.smartbar.quicksettings/.activity.MainActivity
E/ActivityManager(   59): Load: 0.74 / 0.39 / 0.23
E/ActivityManager(   59): CPU usage from 11692ms to 22ms ago:
E/ActivityManager(   59):   qemud: 91% = 19% user + 72% kernel / faults: 38 minor 2 major
E/ActivityManager(   59):   system_server: 5% = 4% user + 0% kernel / faults: 430 minor 5 major
E/ActivityManager(   59):   r.quicksettings: 1% = 1% user + 0% kernel / faults: 134 minor 9 major
E/ActivityManager(   59):   putmethod.latin: 0% = 0% user + 0% kernel / faults: 184 minor 2 major
E/ActivityManager(   59):   m.android.phone: 0% = 0% user + 0% kernel / faults: 177 minor
E/ActivityManager(   59):   adbd: 0% = 0% user + 0% kernel
E/ActivityManager(   59):   zygote: 0% = 0% user + 0% kernel / faults: 126 minor
E/ActivityManager(   59):   id.defcontainer: 0% = 0% user + 0% kernel / faults: 116 minor
E/ActivityManager(   59):   d.process.media: 0% = 0% user + 0% kernel / faults: 142 minor
E/ActivityManager(   59):   zygote: 0% = 0% user + 0% kernel / faults: 153 minor
E/ActivityManager(   59):   com.android.mms: 0% = 0% user + 0% kernel / faults: 146 minor 3 major
E/ActivityManager(   59):   m.android.email: 0% = 0% user + 0% kernel / faults: 206 minor 4 major
E/ActivityManager(   59):   .quicksearchbox: 0% = 0% user + 0% kernel / faults: 149 minor 3 major
E/ActivityManager(   59):   m.android.music: 0% = 0% user + 0% kernel / faults: 135 minor
E/ActivityManager(   59):   com.svox.pico: 0% = 0% user + 0% kernel / faults: 104 minor
E/ActivityManager(   59):   logcat: 0% = 0% user + 0% kernel / faults: 22 minor
E/ActivityManager(   59): TOTAL: 100% = 26% user + 73% kernel
D/dalvikvm(   59): GC_FOR_MALLOC freed 2484 objects / 124848 bytes in 164ms
I/dalvikvm-heap(   59): Grow heap (frag case) to 5.185MB for 61864-byte allocation
D/dalvikvm(   59): GC_FOR_MALLOC freed 87 objects / 4552 bytes in 158ms
I/dalvikvm(  256): Wrote stack traces to '/data/anr/traces.txt'
D/dalvikvm(   59): GC_FOR_MALLOC freed 769 objects / 98632 bytes in 167ms
I/dalvikvm-heap(   59): Grow heap (frag case) to 5.234MB for 123712-byte allocation
I/dalvikvm(  157): Wrote stack traces to '/data/anr/traces.txt'
D/dalvikvm(   59): GC_FOR_MALLOC freed 0 objects / 0 bytes in 168ms
I/dalvikvm(  203): Wrote stack traces to '/data/anr/traces.txt'
D/dalvikvm(   59): GC_FOR_MALLOC freed 21 objects / 171840 bytes in 160ms
I/dalvikvm-heap(   59): Grow heap (frag case) to 5.220MB for 95684-byte allocation
I/dalvikvm(  212): Wrote stack traces to '/data/anr/traces.txt'
D/dalvikvm(   59): GC_FOR_MALLOC freed 20 objects / 976 bytes in 152ms
I/dalvikvm(  248): Wrote stack traces to '/data/anr/traces.txt'
D/dalvikvm(   59): GC_FOR_MALLOC freed 70 objects / 129792 bytes in 165ms
W/WindowManager(   59): No window to dispatch pointer action 1
W/WindowManager(   59): No window to dispatch pointer action 0
W/WindowManager(   59): No window to dispatch pointer action 1
W/WindowManager(   59): No window to dispatch pointer action 0
W/WindowManager(   59): No window to dispatch pointer action 1
W/WindowManager(   59): No window to dispatch pointer action 0
W/WindowManager(   59): No window to dispatch pointer action 1
W/WindowManager(   59): No window to dispatch pointer action 0
W/WindowManager(   59): No window to dispatch pointer action 1
W/WindowManager(   59): No window to dispatch pointer action 0
W/WindowManager(   59): No window to dispatch pointer action 1
W/WindowManager(   59): No window to dispatch pointer action 0
W/WindowManager(   59): No window to dispatch pointer action 1
W/WindowManager(   59): No window to dispatch pointer action 0
W/WindowManager(   59): No window to dispatch pointer action 1
W/WindowManager(   59): No window to dispatch pointer action 0
W/WindowManager(   59): No window to dispatch pointer action 1
W/WindowManager(   59): No window to dispatch pointer action 0
W/WindowManager(   59): No window to dispatch pointer action 1
W/WindowManager(   59): No window to dispatch pointer action 0
W/WindowManager(   59): No window to dispatch pointer action 1
I/dalvikvm(  229): Wrote stack traces to '/data/anr/traces.txt'
W/ActivityManager(   59):   Force finishing activity com.aps.smartbar.quicksettings/.activity.AdjustBrightnessActivity
W/ActivityManager(   59):   Force finishing activity com.aps.smartbar.quicksettings/.activity.MainActivity
I/ActivityManager(   59): Killing com.aps.smartbar.quicksettings (pid=318): user's request
I/Process (   59): Sending signal. PID: 318 SIG: 9
I/WindowManager(   59): WIN DEATH: Window{45048958 com.aps.smartbar.quicksettings/com.aps.smartbar.quicksettings.activity.MainActivity paused=true}
W/GpsLocationProvider(   59): Unneeded remove listener for uid 1000
I/ActivityManager(   59): Process com.aps.smartbar.quicksettings (pid 318) has died.
W/GpsLocationProvider(   59): Unneeded remove listener for uid 1000
W/GpsLocationProvider(   59): Unneeded remove listener for uid 1000
W/GpsLocationProvider(   59): Unneeded remove listener for uid 1000
W/InputManagerService(   59): Got RemoteException sending setActive(false) notification to pid 318 uid 10044
I/ARMAssembler(   59): generated scanline__00000177:03010104_00000001_00000000 [ 44 ipp] (66 ins) at [0x2a7c70:0x2a7d78] in 1309325 ns
I/ActivityManager(   59): Starting activity: Intent { flg=0x10000000 cmp=com.aps.smartbar.quicksettings/.activity.MainActivity bnds=[0,101][320,165] }
I/ActivityManager(   59): Start proc com.aps.smartbar.quicksettings for activity com.aps.smartbar.quicksettings/.activity.MainActivity: pid=335 uid=10044 gids={3002, 3001, 3003}
W/InputManagerService(   59): Window already focused, ignoring focus gain of: com.android.internal.view.IInputMethodClient$Stub$Proxy@44e81f50
I/global  (  335): Default buffer size used in BufferedReader constructor. It would be better to be explicit if an 8k-char buffer is required.
D/dalvikvm(  335): GC_FOR_MALLOC freed 3964 objects / 330936 bytes in 124ms
W/Settings(  335): Setting lock_pattern_autolock has moved from android.provider.Settings.System to android.provider.Settings.Secure, returning read-only value.
I/ActivityManager(   59): Displayed activity com.aps.smartbar.quicksettings/.activity.MainActivity: 2923 ms (total 24926 ms)
I/ActivityManager(   59): Starting activity: Intent { act=android.intent.action.MAIN cat=[android.intent.category.LAUNCHER] flg=0x10000000 cmp=com.aps.smartbar.quicksettings/.activity.AdjustBrightnessActivity (has extras) }
I/AdMobSDK(  335): AdMob SDK version is 20101109-ANDROID-3312276cc1406347
I/AdMobSDK(  335): Publisher ID set to a14d5b349bebe0a
I/AdMobSDK(  335): To get test ads on the emulator use AdManager.setTestDevices( new String[] { AdManager.TEST_EMULATOR } )
W/GpsLocationProvider(   59): Duplicate add listener for uid 10044
I/global  (  335): Default buffer size used in BufferedReader constructor. It would be better to be explicit if an 8k-char buffer is required.
D/dalvikvm(  335): GC_FOR_MALLOC freed 6954 objects / 423992 bytes in 119ms
D/qemud   (   38): fdhandler_accept_event: accepting on fd 10
D/qemud   (   38): created client 0xc088 listening on fd 14
D/qemud   (   38): client_fd_receive: attempting registration for service 'sensors'
D/qemud   (   38): client_fd_receive:    -> received channel id 11
I/AdMobSDK(  335): No fill.  Server replied that no ads are available (255ms)
W/WindowManager(   59): Key dispatching timed out sending to com.aps.smartbar.quicksettings/com.aps.smartbar.quicksettings.activity.MainActivity
W/WindowManager(   59): Previous dispatch state: {{KeyEvent{action=1 code=4 repeat=0 meta=0 scancode=158 mFlags=8} to Window{45048f50 Sorry! paused=false} @ 1328320108006 lw=Window{45048f50 Sorry! paused=false} lb=android.view.ViewRoot$W@44feccd8 fin=false gfw=true ed=true tts=562526 wf=false fp=false mcf=Window{45048f50 Sorry! paused=false}}}
W/WindowManager(   59): Current dispatch state: {{null to Window{450649a0 com.aps.smartbar.quicksettings/com.aps.smartbar.quicksettings.activity.MainActivity paused=false} @ 1328320130396 lw=Window{450649a0 com.aps.smartbar.quicksettings/com.aps.smartbar.quicksettings.activity.MainActivity paused=false} lb=android.os.BinderProxy@450d7a30 fin=false gfw=true ed=true tts=0 wf=false fp=false mcf=null}}
I/Process (   59): Sending signal. PID: 335 SIG: 3
I/dalvikvm(  335): threadid=3: reacting to signal 3
I/dalvikvm(  335): Wrote stack traces to '/data/anr/traces.txt'
I/Process (   59): Sending signal. PID: 59 SIG: 3
I/dalvikvm(   59): threadid=3: reacting to signal 3
I/dalvikvm(   59): Wrote stack traces to '/data/anr/traces.txt'
I/Process (   59): Sending signal. PID: 116 SIG: 3
I/dalvikvm(  116): threadid=3: reacting to signal 3
I/dalvikvm(  116): Wrote stack traces to '/data/anr/traces.txt'
I/Process (   59): Sending signal. PID: 126 SIG: 3
I/dalvikvm(  126): threadid=3: reacting to signal 3
I/dalvikvm(  126): Wrote stack traces to '/data/anr/traces.txt'
I/Process (   59): Sending signal. PID: 265 SIG: 3
I/dalvikvm(  265): threadid=3: reacting to signal 3
I/dalvikvm(  265): Wrote stack traces to '/data/anr/traces.txt'
I/Process (   59): Sending signal. PID: 174 SIG: 3
I/dalvikvm(  174): threadid=3: reacting to signal 3
I/dalvikvm(  174): Wrote stack traces to '/data/anr/traces.txt'
I/Process (   59): Sending signal. PID: 188 SIG: 3
I/dalvikvm(  188): threadid=3: reacting to signal 3
I/dalvikvm(  188): Wrote stack traces to '/data/anr/traces.txt'
I/Process (   59): Sending signal. PID: 248 SIG: 3
I/dalvikvm(  248): threadid=3: reacting to signal 3
I/dalvikvm(  248): Wrote stack traces to '/data/anr/traces.txt'
I/Process (   59): Sending signal. PID: 256 SIG: 3
I/dalvikvm(  256): threadid=3: reacting to signal 3
I/dalvikvm(  256): Wrote stack traces to '/data/anr/traces.txt'
I/Process (   59): Sending signal. PID: 157 SIG: 3
I/dalvikvm(  157): threadid=3: reacting to signal 3
I/dalvikvm(  157): Wrote stack traces to '/data/anr/traces.txt'
I/Process (   59): Sending signal. PID: 121 SIG: 3
I/dalvikvm(  121): threadid=3: reacting to signal 3
I/dalvikvm(  121): Wrote stack traces to '/data/anr/traces.txt'
I/Process (   59): Sending signal. PID: 229 SIG: 3
I/dalvikvm(  229): threadid=3: reacting to signal 3
I/dalvikvm(  229): Wrote stack traces to '/data/anr/traces.txt'
I/Process (   59): Sending signal. PID: 212 SIG: 3
I/dalvikvm(  212): threadid=3: reacting to signal 3
I/dalvikvm(  212): Wrote stack traces to '/data/anr/traces.txt'
I/Process (   59): Sending signal. PID: 203 SIG: 3
I/dalvikvm(  203): threadid=3: reacting to signal 3
I/dalvikvm(  203): Wrote stack traces to '/data/anr/traces.txt'
I/Process (   59): Sending signal. PID: 128 SIG: 3
I/dalvikvm(  128): threadid=3: reacting to signal 3
I/dalvikvm(  128): Wrote stack traces to '/data/anr/traces.txt'
E/ActivityManager(   59): ANR in com.aps.smartbar.quicksettings (com.aps.smartbar.quicksettings/.activity.AdjustBrightnessActivity)
E/ActivityManager(   59): Reason: keyDispatchingTimedOut
E/ActivityManager(   59): Parent: com.aps.smartbar.quicksettings/.activity.MainActivity
E/ActivityManager(   59): Load: 1.91 / 0.72 / 0.34
E/ActivityManager(   59): CPU usage from 23957ms to 24ms ago:
E/ActivityManager(   59):   qemud: 46% = 9% user + 37% kernel / faults: 2 minor
E/ActivityManager(   59):   system_server: 15% = 13% user + 2% kernel / faults: 2749 minor 12 major
E/ActivityManager(   59):   ndroid.launcher: 0% = 0% user + 0% kernel / faults: 635 minor 2 major
E/ActivityManager(   59):   adbd: 0% = 0% user + 0% kernel / faults: 1 minor
E/ActivityManager(   59):   m.android.phone: 0% = 0% user + 0% kernel / faults: 177 minor
E/ActivityManager(   59):   logcat: 0% = 0% user + 0% kernel
E/ActivityManager(   59):   putmethod.latin: 0% = 0% user + 0% kernel / faults: 154 minor
E/ActivityManager(   59):   m.android.email: 0% = 0% user + 0% kernel / faults: 50 minor
E/ActivityManager(   59):   zygote: 0% = 0% user + 0% kernel / faults: 174 minor
E/ActivityManager(   59):   zygote: 0% = 0% user + 0% kernel / faults: 66 minor
E/ActivityManager(   59):   id.defcontainer: 0% = 0% user + 0% kernel / faults: 57 minor
E/ActivityManager(   59):   d.process.media: 0% = 0% user + 0% kernel / faults: 57 minor
E/ActivityManager(   59):   zygote: 0% = 0% user + 0% kernel / faults: 26 minor
E/ActivityManager(   59):   com.android.mms: 0% = 0% user + 0% kernel / faults: 50 minor 1 major
E/ActivityManager(   59):   .quicksearchbox: 0% = 0% user + 0% kernel / faults: 67 minor 1 major
E/ActivityManager(   59):   m.android.music: 0% = 0% user + 0% kernel / faults: 59 minor
E/ActivityManager(   59):   com.svox.pico: 0% = 0% user + 0% kernel / faults: 56 minor
E/ActivityManager(   59):  +r.quicksettings: 0% = 0% user + 0% kernel
E/ActivityManager(   59):  -r.quicksettings: 0% = 0% user + 0% kernel
E/ActivityManager(   59): TOTAL: 70% = 28% user + 41% kernel + 0% softirq
W/WindowManager(   59): No window to dispatch pointer action 1
D/dalvikvm(   59): GC_FOR_MALLOC freed 2635 objects / 417224 bytes in 103ms
D/dalvikvm(   59): GC_FOR_MALLOC freed 353 objects / 100848 bytes in 100ms
I/dalvikvm-heap(   59): Grow heap (frag case) to 5.415MB for 83968-byte allocation
D/dalvikvm(   59): GC_FOR_MALLOC freed 1 objects / 56 bytes in 97ms
D/dalvikvm(   59): GC_FOR_MALLOC freed 6 objects / 231088 bytes in 94ms
W/WindowManager(   59): No window to dispatch pointer action 1
W/ActivityManager(   59): Launch timeout has expired, giving up wake lock!
W/ActivityManager(   59): Activity idle timeout for HistoryRecord{44fe6030 com.aps.smartbar.quicksettings/.activity.AdjustBrightnessActivity}
W/ActivityManager(   59):   Force finishing activity com.aps.smartbar.quicksettings/.activity.AdjustBrightnessActivity
W/ActivityManager(   59):   Force finishing activity com.aps.smartbar.quicksettings/.activity.MainActivity
I/ActivityManager(   59): Killing com.aps.smartbar.quicksettings (pid=335): user's request
I/Process (   59): Sending signal. PID: 335 SIG: 9
D/qemud   (   38): fdhandler_event: disconnect on fd 14
I/WindowManager(   59): WIN DEATH: Window{450649a0 com.aps.smartbar.quicksettings/com.aps.smartbar.quicksettings.activity.MainActivity paused=true}
W/GpsLocationProvider(   59): Unneeded remove listener for uid 1000
W/GpsLocationProvider(   59): Unneeded remove listener for uid 1000
D/qemud   (   38): multiplexer_handle_control: NULL client: '0b'
I/ActivityManager(   59): Process com.aps.smartbar.quicksettings (pid 335) has died.
W/InputManagerService(   59): Got RemoteException sending setActive(false) notification to pid 335 uid 10044
I/ActivityManager(   59): Starting activity: Intent { flg=0x10000000 cmp=com.aps.smartbar.quicksettings/.activity.MainActivity bnds=[0,101][320,165] }
I/ActivityManager(   59): Start proc com.aps.smartbar.quicksettings for activity com.aps.smartbar.quicksettings/.activity.MainActivity: pid=346 uid=10044 gids={3002, 3001, 3003}
W/InputManagerService(   59): Window already focused, ignoring focus gain of: com.android.internal.view.IInputMethodClient$Stub$Proxy@44f4c378
I/global  (  346): Default buffer size used in BufferedReader constructor. It would be better to be explicit if an 8k-char buffer is required.
D/dalvikvm(  346): GC_FOR_MALLOC freed 3994 objects / 332088 bytes in 128ms
W/Settings(  346): Setting lock_pattern_autolock has moved from android.provider.Settings.System to android.provider.Settings.Secure, returning read-only value.
I/ActivityManager(   59): Displayed activity com.aps.smartbar.quicksettings/.activity.MainActivity: 2910 ms (total 17147 ms)
I/ActivityManager(   59): Starting activity: Intent { act=android.intent.action.MAIN cat=[android.intent.category.LAUNCHER] flg=0x10000000 cmp=com.android.settings/.SoundSettings (has extras) }
W/InputManagerService(   59): Starting input on non-focused client com.android.internal.view.IInputMethodClient$Stub$Proxy@44f53440 (uid=10044 pid=346)
I/ActivityManager(   59): Displayed activity com.android.settings/.SoundSettings: 1406 ms (total 1406 ms)
W/KeyCharacterMap(  128): No keyboard for id 0
W/KeyCharacterMap(  128): Using default keymap: /system/usr/keychars/qwerty.kcm.bin
I/global  (  346): Default buffer size used in BufferedReader constructor. It would be better to be explicit if an 8k-char buffer is required.
W/Settings(  346): Setting lock_pattern_autolock has moved from android.provider.Settings.System to android.provider.Settings.Secure, returning read-only value.
W/InputManagerService(   59): Starting input on non-focused client com.android.internal.view.IInputMethodClient$Stub$Proxy@44f6cbe8 (uid=1000 pid=128)
I/ActivityManager(   59): Starting activity: Intent { act=android.intent.action.MAIN cat=[android.intent.category.LAUNCHER] flg=0x10000000 cmp=com.aps.smartbar.quicksettings/.activity.AdjustVolumesActivity (has extras) }
D/dalvikvm(  346): GC_FOR_MALLOC freed 7175 objects / 468576 bytes in 309ms
I/AdMobSDK(  346): AdMob SDK version is 20101109-ANDROID-3312276cc1406347
I/AdMobSDK(  346): Publisher ID set to a14d5b349bebe0a
I/AdMobSDK(  346): To get test ads on the emulator use AdManager.setTestDevices( new String[] { AdManager.TEST_EMULATOR } )
W/GpsLocationProvider(   59): Duplicate add listener for uid 10044
I/global  (  346): Default buffer size used in BufferedReader constructor. It would be better to be explicit if an 8k-char buffer is required.
W/System.err(  346): android.provider.Settings$SettingNotFoundException: notifications_use_ring_volume
W/System.err(  346): 	at android.provider.Settings$System.getInt(Settings.java:807)
W/System.err(  346): 	at com.aps.smartbar.quicksettings.handlers.VolumeHandler.isNotificationSameAsRinger(VolumeHandler.java:111)
W/System.err(  346): 	at com.aps.smartbar.quicksettings.bo.VolumeBO.isNotificationSameAsRinger(VolumeBO.java:82)
W/System.err(  346): 	at com.aps.smartbar.quicksettings.activity.AdjustVolumesActivity.onCreate(AdjustVolumesActivity.java:88)
W/System.err(  346): 	at android.app.Instrumentation.callActivityOnCreate(Instrumentation.java:1047)
W/System.err(  346): 	at android.app.ActivityThread.performLaunchActivity(ActivityThread.java:2627)
W/System.err(  346): 	at android.app.ActivityThread.handleLaunchActivity(ActivityThread.java:2679)
W/System.err(  346): 	at android.app.ActivityThread.access$2300(ActivityThread.java:125)
W/System.err(  346): 	at android.app.ActivityThread$H.handleMessage(ActivityThread.java:2033)
W/System.err(  346): 	at android.os.Handler.dispatchMessage(Handler.java:99)
W/System.err(  346): 	at android.os.Looper.loop(Looper.java:123)
W/System.err(  346): 	at android.app.ActivityThread.main(ActivityThread.java:4627)
W/System.err(  346): 	at java.lang.reflect.Method.invokeNative(Native Method)
W/System.err(  346): 	at java.lang.reflect.Method.invoke(Method.java:521)
W/System.err(  346): 	at com.android.internal.os.ZygoteInit$MethodAndArgsCaller.run(ZygoteInit.java:868)
W/System.err(  346): 	at com.android.internal.os.ZygoteInit.main(ZygoteInit.java:626)
W/System.err(  346): 	at dalvik.system.NativeStart.main(Native Method)
W/AdMobSDK(  346): Ignoring requestFreshAd() because we are requesting an ad right now already.
I/AdMobSDK(  346): No fill.  Server replied that no ads are available (196ms)
D/dalvikvm(  121): GREF has increased to 201
W/Settings(  346): Setting lock_pattern_autolock has moved from android.provider.Settings.System to android.provider.Settings.Secure, returning read-only value.
D/dalvikvm(  346): GC_FOR_MALLOC freed 6824 objects / 425448 bytes in 476ms
I/ActivityManager(   59): Displayed activity com.aps.smartbar.quicksettings/.activity.AdjustVolumesActivity: 2371 ms (total 2371 ms)
D/dalvikvm(  128): GC_EXPLICIT freed 2142 objects / 159616 bytes in 1158ms
D/dalvikvm(  126): GC_EXPLICIT freed 450 objects / 20248 bytes in 1103ms
W/KeyCharacterMap(  346): No keyboard for id 0
W/KeyCharacterMap(  346): Using default keymap: /system/usr/keychars/qwerty.kcm.bin
D/dalvikvm(  346): GC_EXTERNAL_ALLOC freed 1221 objects / 66216 bytes in 114ms
D/dalvikvm(  346): GC_EXPLICIT freed 359 objects / 18816 bytes in 1139ms
D/dalvikvm(   59): GC_FOR_MALLOC freed 6670 objects / 844808 bytes in 188ms
D/AndroidRuntime(  359): 
D/AndroidRuntime(  359): >>>>>>>>>>>>>> AndroidRuntime START <<<<<<<<<<<<<<
D/AndroidRuntime(  359): CheckJNI is ON
D/AndroidRuntime(  359): --- registering native functions ---
D/dalvikvm(  174): GC_EXPLICIT freed 107 objects / 5584 bytes in 140ms
D/PackageParser(   59): Scanning package: /data/app/vmdl11967.tmp
I/PackageManager(   59): Removing non-system package:com.aps.test
I/ActivityManager(   59): Force stopping package com.aps.test uid=10045
D/PackageManager(   59): Scanning package com.aps.test
I/PackageManager(   59): Package com.aps.test codePath changed from /data/app/com.aps.test-2.apk to /data/app/com.aps.test-1.apk; Retaining data and using new
I/PackageManager(   59): /data/app/com.aps.test-1.apk changed; unpacking
D/installd(   35): DexInv: --- BEGIN '/data/app/com.aps.test-1.apk' ---
D/dalvikvm(  367): DexOpt: load 57ms, verify 252ms, opt 11ms
D/installd(   35): DexInv: --- END '/data/app/com.aps.test-1.apk' (success) ---
W/PackageManager(   59): Code path for pkg : com.aps.test changing from /data/app/com.aps.test-2.apk to /data/app/com.aps.test-1.apk
W/PackageManager(   59): Resource path for pkg : com.aps.test changing from /data/app/com.aps.test-2.apk to /data/app/com.aps.test-1.apk
D/PackageManager(   59):   Activities: com.aps.test.OrderTestActivity com.aps.test.Act2
I/ActivityManager(   59): Force stopping package com.aps.test uid=10045
I/installd(   35): move /data/dalvik-cache/data@app@com.aps.test-1.apk@classes.dex -> /data/dalvik-cache/data@app@com.aps.test-1.apk@classes.dex
D/PackageManager(   59): New package installed in /data/app/com.aps.test-1.apk
I/ActivityManager(   59): Force stopping package com.aps.test uid=10045
D/dalvikvm(  126): GC_EXPLICIT freed 49 objects / 2064 bytes in 114ms
D/dalvikvm(  157): GC_EXPLICIT freed 2276 objects / 115752 bytes in 1733ms
D/dalvikvm(   59): GC_EXPLICIT freed 7189 objects / 471296 bytes in 359ms
W/RecognitionManagerService(   59): no available voice recognition services found
I/installd(   35): unlink /data/dalvik-cache/data@app@com.aps.test-2.apk@classes.dex
D/AndroidRuntime(  359): Shutting down VM
D/dalvikvm(  359): Debugger has detached; object registry had 1 entries
I/dalvikvm(  359): JNI: AttachCurrentThread (from ???.???)
I/AndroidRuntime(  359): NOTE: attach of thread 'Binder Thread #3' failed
D/AndroidRuntime(  373): 
D/AndroidRuntime(  373): >>>>>>>>>>>>>> AndroidRuntime START <<<<<<<<<<<<<<
D/AndroidRuntime(  373): CheckJNI is ON
D/AndroidRuntime(  373): --- registering native functions ---
I/ActivityManager(   59): Starting activity: Intent { act=android.intent.action.MAIN cat=[android.intent.category.LAUNCHER] flg=0x10000000 cmp=com.aps.test/.OrderTestActivity }
D/AndroidRuntime(  373): Shutting down VM
D/jdwp    (  373): Got wake-up signal, bailing out of select
D/dalvikvm(  373): Debugger has detached; object registry had 1 entries
I/ActivityManager(   59): Start proc com.aps.test for activity com.aps.test/.OrderTestActivity: pid=380 uid=10045 gids={}
D/dalvikvm(   33): GC_EXPLICIT freed 300 objects / 11464 bytes in 373ms
D/dalvikvm(   33): GC_EXPLICIT freed 47 objects / 2096 bytes in 164ms
D/dalvikvm(   33): GC_EXPLICIT freed 2 objects / 64 bytes in 268ms
I/ActivityManager(   59): Displayed activity com.aps.test/.OrderTestActivity: 1263 ms (total 1263 ms)
I/ActivityManager(   59): Starting activity: Intent { cmp=com.aps.test/.Act2 }
I/ActivityManager(   59): Displayed activity com.aps.test/.Act2: 435 ms (total 435 ms)
W/KeyCharacterMap(  380): No keyboard for id 0
W/KeyCharacterMap(  380): Using default keymap: /system/usr/keychars/qwerty.kcm.bin
D/dalvikvm(  265): GC_EXPLICIT freed 254 objects / 12064 bytes in 918ms
D/dalvikvm(  126): GC_EXPLICIT freed 941 objects / 53880 bytes in 1169ms
D/AndroidRuntime(  388): 
D/AndroidRuntime(  388): >>>>>>>>>>>>>> AndroidRuntime START <<<<<<<<<<<<<<
D/AndroidRuntime(  388): CheckJNI is ON
D/AndroidRuntime(  388): --- registering native functions ---
I/ActivityManager(   59): Process com.android.mms (pid 212) has died.
W/IInputConnectionWrapper(  126): showStatusIcon on inactive InputConnection
D/dalvikvm(  174): GC_EXPLICIT freed 233 objects / 15064 bytes in 161ms
D/PackageParser(   59): Scanning package: /data/app/vmdl11968.tmp
I/PackageManager(   59): Removing non-system package:com.aps.test
I/ActivityManager(   59): Force stopping package com.aps.test uid=10045
I/Process (   59): Sending signal. PID: 380 SIG: 9
D/PackageManager(   59): Scanning package com.aps.test
I/PackageManager(   59): Package com.aps.test codePath changed from /data/app/com.aps.test-1.apk to /data/app/com.aps.test-2.apk; Retaining data and using new
I/PackageManager(   59): /data/app/com.aps.test-2.apk changed; unpacking
D/installd(   35): DexInv: --- BEGIN '/data/app/com.aps.test-2.apk' ---
D/dalvikvm(  396): DexOpt: load 58ms, verify 67ms, opt 11ms
D/installd(   35): DexInv: --- END '/data/app/com.aps.test-2.apk' (success) ---
W/PackageManager(   59): Code path for pkg : com.aps.test changing from /data/app/com.aps.test-1.apk to /data/app/com.aps.test-2.apk
